# Creator : Routino - http://www.routino.org/
# Source : Routino test cases - (c) Andrew M. Bishop
# License : GNU Affero General Public License v3 or later
#
#Latitude	Longitude	    Node	Type	Segment	Segment	Total	Total  	Speed	Bearing	Highway
#        	         	        	    	Dist   	Durat'n	Dist 	Durat'n	     	       	       
 -0.216144	  -0.515853	      -1 	Waypt#1	0.000	 0.00	 0.00	  0.0			
 -0.215941	  -0.515611	      18 	Inter	0.035	 0.04	 0.04	  0.0	 48	  50	Local road
 -0.217248	  -0.515206	      19*	Junct	0.152	 0.19	 0.19	  0.2	 48	 162	Local road
 -0.217245	  -0.519637	      11*	Junct-	0.493	 0.31	 0.68	  0.5	 96	 270	Main road
 -0.217216	  -0.523210	       8*	Junct-	0.397	 0.25	 1.08	  0.8	 96	 270	Main road
 -0.217197	  -0.525552	       5*	Junct-	0.260	 0.16	 1.34	  0.9	 96	 270	Main road
 -0.217182	  -0.527397	      -2 	Waypt#2	0.204	 0.13	 1.54	  1.1	 96	 270	Main road
